// Jest Snapshot v1, https://goo.gl/fbAQLP

exports[` 1`] = `
<DocumentFragment>
  <div
    class="container"
  >
    <label
      class="label"
      for="random"
    >
      random 
    </label>
    <input
      class="input"
      data-testid="test"
      id="random"
      type="text"
      value=""
    />
  </div>
</DocumentFragment>
`;
