// Jest Snapshot v1, https://goo.gl/fbAQLP

exports[` 1`] = `
<DocumentFragment>
  <div
    class="container"
  >
    <label
      class="label"
      for="random"
    >
      random 
    </label>
    <input
      class="input"
      data-testid="test"
      id="random"
      type="text"
      value=""
    />
  </div>
</DocumentFragment>
`;

exports[` 2`] = `
<DocumentFragment>
  <figure
    class="avatar"
  >
    <div
      class="noImage"
      data-testid="empty icon"
    >
      <svg
        class="icon icon-tabler icon-tabler-user"
        fill="none"
        height="24"
        stroke="currentColor"
        stroke-linecap="round"
        stroke-linejoin="round"
        stroke-width="2"
        viewBox="0 0 24 24"
        width="24"
        xmlns="http://www.w3.org/2000/svg"
      >
        <path
          d="M0 0h24v24H0z"
          fill="none"
          stroke="none"
        />
        <circle
          cx="12"
          cy="7"
          r="4"
        />
        <path
          d="M6 21v-2a4 4 0 0 1 4 -4h4a4 4 0 0 1 4 4v2"
        />
      </svg>
      <span
        class="visually-hidden"
      />
    </div>
  </figure>
</DocumentFragment>
`;
